[INFO] SAPIEN EGL ICD: /home/chw/miniconda3/envs/RoboTwin/lib/python3.10/site-packages/sapien/vulkan_library/10_nvidia.json
task_name    : adjust_bottle
task_config  : demo_clean
ckpt_setting : stage6_cosmos25
server       : ws://127.0.0.1:8848
gpu          : 7
seed         : 0
[eval_policy_wrapper] RoboTwin version check skipped; eval_policy.py sha256=9779560bfb8574a9
[eval_policy_wrapper] prewarmed CUDA/Curobo before SAPIEN import
[chw] preloaded patched sapien.wrapper.urdf_loader from /home/chw/miniconda3/envs/RoboTwin/lib/python3.10/site-packages/sapien/wrapper/urdf_loader.py
============= Config =============

[95mMessy Table:[0m False
[95mRandom Background:[0m False
[95mRandom Light:[0m False
[95mRandom Table Height:[0m 0
[95mRandom Head Camera Distance:[0m 0
[94mHead Camera Config:[0m D435, True
[94mWrist Camera Config:[0m D435, True
[94mEmbodiment Config:[0m aloha-agilex

==================================
missing pytorch3d
[OpenWAMClient] server=ws://127.0.0.1:8848 send_state=True state_dim=20 request_timeout=300s action_type=ee action_indices=None debug=False debug_dir=./debug_images
[OpenWAMClient] Server healthy at ws://127.0.0.1:8848
[eval_policy_wrapper] overriding RoboTwin eval test_num=25
[34mTask Name: adjust_bottle[0m
[34mPolicy Name: openwam2robotwin_interface[0m
Warp DeprecationWarning: The symbol `warp.torch.device_from_torch` will soon be removed from the public API. Use `warp.device_from_torch` instead.
[92mSuccess![0m
[93madjust_bottle[0m | [94mopenwam2robotwin_interface[0m | [92mdemo_clean[0m | [91mstage6_cosmos25[0m
Success rate: [96m1/1[0m => [95m100.0%[0m, current seed: [90m100001[0m

[92mSuccess![0m
[93madjust_bottle[0m | [94mopenwam2robotwin_interface[0m | [92mdemo_clean[0m | [91mstage6_cosmos25[0m
Success rate: [96m2/2[0m => [95m100.0%[0m, current seed: [90m100002[0m

[92mSuccess![0m
[93madjust_bottle[0m | [94mopenwam2robotwin_interface[0m | [92mdemo_clean[0m | [91mstage6_cosmos25[0m
Success rate: [96m3/3[0m => [95m100.0%[0m, current seed: [90m100005[0m

[92mSuccess![0m
[93madjust_bottle[0m | [94mopenwam2robotwin_interface[0m | [92mdemo_clean[0m | [91mstage6_cosmos25[0m
Success rate: [96m4/4[0m => [95m100.0%[0m, current seed: [90m100006[0m

[92mSuccess![0m
[93madjust_bottle[0m | [94mopenwam2robotwin_interface[0m | [92mdemo_clean[0m | [91mstage6_cosmos25[0m
Success rate: [96m5/5[0m => [95m100.0%[0m, current seed: [90m100008[0m

[92mSuccess![0m
[93madjust_bottle[0m | [94mopenwam2robotwin_interface[0m | [92mdemo_clean[0m | [91mstage6_cosmos25[0m
Success rate: [96m6/6[0m => [95m100.0%[0m, current seed: [90m100010[0m

[92mSuccess![0m
[93madjust_bottle[0m | [94mopenwam2robotwin_interface[0m | [92mdemo_clean[0m | [91mstage6_cosmos25[0m
Success rate: [96m7/7[0m => [95m100.0%[0m, current seed: [90m100012[0m

[92mSuccess![0m
[93madjust_bottle[0m | [94mopenwam2robotwin_interface[0m | [92mdemo_clean[0m | [91mstage6_cosmos25[0m
Success rate: [96m8/8[0m => [95m100.0%[0m, current seed: [90m100013[0m

[92mSuccess![0m
[93madjust_bottle[0m | [94mopenwam2robotwin_interface[0m | [92mdemo_clean[0m | [91mstage6_cosmos25[0m
Success rate: [96m9/9[0m => [95m100.0%[0m, current seed: [90m100015[0m

[92mSuccess![0m
[93madjust_bottle[0m | [94mopenwam2robotwin_interface[0m | [92mdemo_clean[0m | [91mstage6_cosmos25[0m
Success rate: [96m10/10[0m => [95m100.0%[0m, current seed: [90m100016[0m

[92mSuccess![0m
[93madjust_bottle[0m | [94mopenwam2robotwin_interface[0m | [92mdemo_clean[0m | [91mstage6_cosmos25[0m
Success rate: [96m11/11[0m => [95m100.0%[0m, current seed: [90m100021[0m

[92mSuccess![0m
[93madjust_bottle[0m | [94mopenwam2robotwin_interface[0m | [92mdemo_clean[0m | [91mstage6_cosmos25[0m
Success rate: [96m12/12[0m => [95m100.0%[0m, current seed: [90m100022[0m

[92mSuccess![0m
[93madjust_bottle[0m | [94mopenwam2robotwin_interface[0m | [92mdemo_clean[0m | [91mstage6_cosmos25[0m
Success rate: [96m13/13[0m => [95m100.0%[0m, current seed: [90m100023[0m

[92mSuccess![0m
[93madjust_bottle[0m | [94mopenwam2robotwin_interface[0m | [92mdemo_clean[0m | [91mstage6_cosmos25[0m
Success rate: [96m14/14[0m => [95m100.0%[0m, current seed: [90m100024[0m

[92mSuccess![0m
[93madjust_bottle[0m | [94mopenwam2robotwin_interface[0m | [92mdemo_clean[0m | [91mstage6_cosmos25[0m
Success rate: [96m15/15[0m => [95m100.0%[0m, current seed: [90m100025[0m

[92mSuccess![0m
[93madjust_bottle[0m | [94mopenwam2robotwin_interface[0m | [92mdemo_clean[0m | [91mstage6_cosmos25[0m
Success rate: [96m16/16[0m => [95m100.0%[0m, current seed: [90m100026[0m

[92mSuccess![0m
[93madjust_bottle[0m | [94mopenwam2robotwin_interface[0m | [92mdemo_clean[0m | [91mstage6_cosmos25[0m
Success rate: [96m17/17[0m => [95m100.0%[0m, current seed: [90m100027[0m

[92mSuccess![0m
[93madjust_bottle[0m | [94mopenwam2robotwin_interface[0m | [92mdemo_clean[0m | [91mstage6_cosmos25[0m
Success rate: [96m18/18[0m => [95m100.0%[0m, current seed: [90m100028[0m

[92mSuccess![0m
[93madjust_bottle[0m | [94mopenwam2robotwin_interface[0m | [92mdemo_clean[0m | [91mstage6_cosmos25[0m
Success rate: [96m19/19[0m => [95m100.0%[0m, current seed: [90m100030[0m

[92mSuccess![0m
[93madjust_bottle[0m | [94mopenwam2robotwin_interface[0m | [92mdemo_clean[0m | [91mstage6_cosmos25[0m
Success rate: [96m20/20[0m => [95m100.0%[0m, current seed: [90m100031[0m

[92mSuccess![0m
[93madjust_bottle[0m | [94mopenwam2robotwin_interface[0m | [92mdemo_clean[0m | [91mstage6_cosmos25[0m
Success rate: [96m21/21[0m => [95m100.0%[0m, current seed: [90m100033[0m

[92mSuccess![0m
[93madjust_bottle[0m | [94mopenwam2robotwin_interface[0m | [92mdemo_clean[0m | [91mstage6_cosmos25[0m
Success rate: [96m22/22[0m => [95m100.0%[0m, current seed: [90m100034[0m

[92mSuccess![0m
[93madjust_bottle[0m | [94mopenwam2robotwin_interface[0m | [92mdemo_clean[0m | [91mstage6_cosmos25[0m
Success rate: [96m23/23[0m => [95m100.0%[0m, current seed: [90m100035[0m

[92mSuccess![0m
[93madjust_bottle[0m | [94mopenwam2robotwin_interface[0m | [92mdemo_clean[0m | [91mstage6_cosmos25[0m
Success rate: [96m24/24[0m => [95m100.0%[0m, current seed: [90m100036[0m

[92mSuccess![0m
[93madjust_bottle[0m | [94mopenwam2robotwin_interface[0m | [92mdemo_clean[0m | [91mstage6_cosmos25[0m
Success rate: [96m25/25[0m => [95m100.0%[0m, current seed: [90m100039[0m

Data has been saved to eval_result/adjust_bottle/openwam2robotwin_interface/demo_clean/stage6_cosmos25/20260916_101916/_result_clean.txt
