[INFO] SAPIEN EGL ICD: /home/chw/miniconda3/envs/RoboTwin/lib/python3.10/site-packages/sapien/vulkan_library/10_nvidia.json
task_name    : adjust_bottle
task_config  : demo_clean
ckpt_setting : stage6_wan21_vace_1_3b
server       : ws://127.0.0.1:8848
gpu          : 7
seed         : 0
[eval_policy_wrapper] RoboTwin version check skipped; eval_policy.py sha256=9779560bfb8574a9
[eval_policy_wrapper] prewarmed CUDA/Curobo before SAPIEN import
[chw] preloaded patched sapien.wrapper.urdf_loader from /home/chw/miniconda3/envs/RoboTwin/lib/python3.10/site-packages/sapien/wrapper/urdf_loader.py
============= Config =============

[95mMessy Table:[0m False
[95mRandom Background:[0m False
[95mRandom Light:[0m False
[95mRandom Table Height:[0m 0
[95mRandom Head Camera Distance:[0m 0
[94mHead Camera Config:[0m D435, True
[94mWrist Camera Config:[0m D435, True
[94mEmbodiment Config:[0m aloha-agilex

==================================
missing pytorch3d
[OpenWAMClient] server=ws://127.0.0.1:8848 send_state=True state_dim=20 request_timeout=300s action_type=ee action_indices=None debug=False debug_dir=./debug_images
[OpenWAMClient] Server healthy at ws://127.0.0.1:8848
[eval_policy_wrapper] overriding RoboTwin eval test_num=32
[34mTask Name: adjust_bottle[0m
[34mPolicy Name: openwam2robotwin_interface[0m
Warp DeprecationWarning: The symbol `warp.torch.device_from_torch` will soon be removed from the public API. Use `warp.device_from_torch` instead.
[92mSuccess![0m
[93madjust_bottle[0m | [94mopenwam2robotwin_interface[0m | [92mdemo_clean[0m | [91mstage6_wan21_vace_1_3b[0m
Success rate: [96m1/1[0m => [95m100.0%[0m, current seed: [90m100001[0m

[92mSuccess![0m
[93madjust_bottle[0m | [94mopenwam2robotwin_interface[0m | [92mdemo_clean[0m | [91mstage6_wan21_vace_1_3b[0m
Success rate: [96m2/2[0m => [95m100.0%[0m, current seed: [90m100002[0m

[92mSuccess![0m
[93madjust_bottle[0m | [94mopenwam2robotwin_interface[0m | [92mdemo_clean[0m | [91mstage6_wan21_vace_1_3b[0m
Success rate: [96m3/3[0m => [95m100.0%[0m, current seed: [90m100005[0m

[92mSuccess![0m
[93madjust_bottle[0m | [94mopenwam2robotwin_interface[0m | [92mdemo_clean[0m | [91mstage6_wan21_vace_1_3b[0m
Success rate: [96m4/4[0m => [95m100.0%[0m, current seed: [90m100006[0m

[92mSuccess![0m
[93madjust_bottle[0m | [94mopenwam2robotwin_interface[0m | [92mdemo_clean[0m | [91mstage6_wan21_vace_1_3b[0m
Success rate: [96m5/5[0m => [95m100.0%[0m, current seed: [90m100008[0m

[92mSuccess![0m
[93madjust_bottle[0m | [94mopenwam2robotwin_interface[0m | [92mdemo_clean[0m | [91mstage6_wan21_vace_1_3b[0m
Success rate: [96m6/6[0m => [95m100.0%[0m, current seed: [90m100010[0m

[92mSuccess![0m
[93madjust_bottle[0m | [94mopenwam2robotwin_interface[0m | [92mdemo_clean[0m | [91mstage6_wan21_vace_1_3b[0m
Success rate: [96m7/7[0m => [95m100.0%[0m, current seed: [90m100012[0m

[92mSuccess![0m
[93madjust_bottle[0m | [94mopenwam2robotwin_interface[0m | [92mdemo_clean[0m | [91mstage6_wan21_vace_1_3b[0m
Success rate: [96m8/8[0m => [95m100.0%[0m, current seed: [90m100013[0m

[92mSuccess![0m
[93madjust_bottle[0m | [94mopenwam2robotwin_interface[0m | [92mdemo_clean[0m | [91mstage6_wan21_vace_1_3b[0m
Success rate: [96m9/9[0m => [95m100.0%[0m, current seed: [90m100015[0m

[92mSuccess![0m
[93madjust_bottle[0m | [94mopenwam2robotwin_interface[0m | [92mdemo_clean[0m | [91mstage6_wan21_vace_1_3b[0m
Success rate: [96m10/10[0m => [95m100.0%[0m, current seed: [90m100016[0m

[92mSuccess![0m
[93madjust_bottle[0m | [94mopenwam2robotwin_interface[0m | [92mdemo_clean[0m | [91mstage6_wan21_vace_1_3b[0m
Success rate: [96m11/11[0m => [95m100.0%[0m, current seed: [90m100021[0m

[92mSuccess![0m
[93madjust_bottle[0m | [94mopenwam2robotwin_interface[0m | [92mdemo_clean[0m | [91mstage6_wan21_vace_1_3b[0m
Success rate: [96m12/12[0m => [95m100.0%[0m, current seed: [90m100022[0m

[92mSuccess![0m
[93madjust_bottle[0m | [94mopenwam2robotwin_interface[0m | [92mdemo_clean[0m | [91mstage6_wan21_vace_1_3b[0m
Success rate: [96m13/13[0m => [95m100.0%[0m, current seed: [90m100023[0m

[92mSuccess![0m
[93madjust_bottle[0m | [94mopenwam2robotwin_interface[0m | [92mdemo_clean[0m | [91mstage6_wan21_vace_1_3b[0m
Success rate: [96m14/14[0m => [95m100.0%[0m, current seed: [90m100024[0m

[92mSuccess![0m
[93madjust_bottle[0m | [94mopenwam2robotwin_interface[0m | [92mdemo_clean[0m | [91mstage6_wan21_vace_1_3b[0m
Success rate: [96m15/15[0m => [95m100.0%[0m, current seed: [90m100025[0m

[92mSuccess![0m
[93madjust_bottle[0m | [94mopenwam2robotwin_interface[0m | [92mdemo_clean[0m | [91mstage6_wan21_vace_1_3b[0m
Success rate: [96m16/16[0m => [95m100.0%[0m, current seed: [90m100026[0m

[92mSuccess![0m
[93madjust_bottle[0m | [94mopenwam2robotwin_interface[0m | [92mdemo_clean[0m | [91mstage6_wan21_vace_1_3b[0m
Success rate: [96m17/17[0m => [95m100.0%[0m, current seed: [90m100027[0m

[92mSuccess![0m
[93madjust_bottle[0m | [94mopenwam2robotwin_interface[0m | [92mdemo_clean[0m | [91mstage6_wan21_vace_1_3b[0m
Success rate: [96m18/18[0m => [95m100.0%[0m, current seed: [90m100028[0m

[92mSuccess![0m
[93madjust_bottle[0m | [94mopenwam2robotwin_interface[0m | [92mdemo_clean[0m | [91mstage6_wan21_vace_1_3b[0m
Success rate: [96m19/19[0m => [95m100.0%[0m, current seed: [90m100030[0m

[92mSuccess![0m
[93madjust_bottle[0m | [94mopenwam2robotwin_interface[0m | [92mdemo_clean[0m | [91mstage6_wan21_vace_1_3b[0m
Success rate: [96m20/20[0m => [95m100.0%[0m, current seed: [90m100031[0m

[92mSuccess![0m
[93madjust_bottle[0m | [94mopenwam2robotwin_interface[0m | [92mdemo_clean[0m | [91mstage6_wan21_vace_1_3b[0m
Success rate: [96m21/21[0m => [95m100.0%[0m, current seed: [90m100033[0m

[92mSuccess![0m
[93madjust_bottle[0m | [94mopenwam2robotwin_interface[0m | [92mdemo_clean[0m | [91mstage6_wan21_vace_1_3b[0m
Success rate: [96m22/22[0m => [95m100.0%[0m, current seed: [90m100034[0m

Traceback (most recent call last):
  File "/home/chw/code/packages/OpenWAM/OpenWAM/benchmarks/robotwin/eval_policy_wrapper.py", line 390, in <module>
    raise SystemExit(main())
  File "/home/chw/code/packages/OpenWAM/OpenWAM/benchmarks/robotwin/eval_policy_wrapper.py", line 385, in main
    module.main(usr_args)
  File "/home/chw/code/packages/OpenWAM/chw-code/robotwin_legacy_compat_copy/script/eval_policy.py", line 265, in main
    st_seed, suc_num = eval_policy(task_name,
  File "/home/chw/code/packages/OpenWAM/OpenWAM/benchmarks/robotwin/eval_policy_wrapper.py", line 214, in capped_eval_policy
    return orig_eval_policy(*args, **kwargs)
  File "/home/chw/code/packages/OpenWAM/chw-code/robotwin_legacy_compat_copy/script/eval_policy.py", line 434, in eval_policy
    eval_func(TASK_ENV, model, observation)
  File "/home/chw/code/packages/OpenWAM/OpenWAM/benchmarks/robotwin/openwam2robotwin_interface.py", line 442, in eval
    action = model.step(example)
  File "/home/chw/code/packages/OpenWAM/OpenWAM/benchmarks/robotwin/openwam2robotwin_interface.py", line 351, in step
    response = self._client.predict(payload)
  File "/home/chw/code/packages/OpenWAM/OpenWAM/benchmarks/utils/transport.py", line 127, in predict
    return self._roundtrip({**payload, "type": OBS})
  File "/home/chw/code/packages/OpenWAM/OpenWAM/benchmarks/utils/transport.py", line 107, in _roundtrip
    self._connect()
  File "/home/chw/code/packages/OpenWAM/OpenWAM/benchmarks/utils/transport.py", line 98, in _connect
    self._ws = connect(self.ws_url, **{k: v for k, v in kwargs.items() if k in supported})
  File "/home/chw/miniconda3/envs/RoboTwin/lib/python3.10/site-packages/websockets/sync/client.py", line 327, in connect
    sock = socket.create_connection(
  File "/home/chw/miniconda3/envs/RoboTwin/lib/python3.10/socket.py", line 857, in create_connection
    raise err
  File "/home/chw/miniconda3/envs/RoboTwin/lib/python3.10/socket.py", line 845, in create_connection
    sock.connect(sa)
ConnectionRefusedError: [Errno 111] Connection refused
