[INFO] SAPIEN EGL ICD: /home/chw/miniconda3/envs/RoboTwin/lib/python3.10/site-packages/sapien/vulkan_library/10_nvidia.json
task_name    : adjust_bottle
task_config  : demo_clean
ckpt_setting : stage6_wan22_ti2v_5b
server       : ws://127.0.0.1:8848
gpu          : 7
seed         : 0
[eval_policy_wrapper] RoboTwin version check skipped; eval_policy.py sha256=cd5546d09f0db4d8
[eval_policy_wrapper] prewarmed CUDA/Curobo before SAPIEN import
[chw] preloaded patched sapien.wrapper.urdf_loader from /home/chw/miniconda3/envs/RoboTwin/lib/python3.10/site-packages/sapien/wrapper/urdf_loader.py
============= Config =============

[95mMessy Table:[0m False
[95mRandom Background:[0m False
[95mRandom Light:[0m False
[95mRandom Table Height:[0m 0
[95mRandom Head Camera Distance:[0m 0
[94mHead Camera Config:[0m D435, True
[94mWrist Camera Config:[0m D435, True
[94mEmbodiment Config:[0m aloha-agilex

==================================
missing pytorch3d
[OpenWAMClient] server=ws://127.0.0.1:8848 send_state=True state_dim=20 request_timeout=300s action_type=ee action_indices=None debug=False debug_dir=./debug_images
[OpenWAMClient] Server healthy at ws://127.0.0.1:8848
[eval_policy_wrapper] overriding RoboTwin eval test_num=32
[34mTask Name: adjust_bottle[0m
[34mPolicy Name: openwam2robotwin_interface[0m
Warp DeprecationWarning: The symbol `warp.torch.device_from_torch` will soon be removed from the public API. Use `warp.device_from_torch` instead.
[92mSuccess![0m
[93madjust_bottle[0m | [94mopenwam2robotwin_interface[0m | [92mdemo_clean[0m | [91mstage6_wan22_ti2v_5b[0m
Success rate: [96m1/1[0m => [95m100.0%[0m, current seed: [90m100001[0m

[92mSuccess![0m
[93madjust_bottle[0m | [94mopenwam2robotwin_interface[0m | [92mdemo_clean[0m | [91mstage6_wan22_ti2v_5b[0m
Success rate: [96m2/2[0m => [95m100.0%[0m, current seed: [90m100002[0m

[92mSuccess![0m
[93madjust_bottle[0m | [94mopenwam2robotwin_interface[0m | [92mdemo_clean[0m | [91mstage6_wan22_ti2v_5b[0m
Success rate: [96m3/3[0m => [95m100.0%[0m, current seed: [90m100005[0m

[92mSuccess![0m
[93madjust_bottle[0m | [94mopenwam2robotwin_interface[0m | [92mdemo_clean[0m | [91mstage6_wan22_ti2v_5b[0m
Success rate: [96m4/4[0m => [95m100.0%[0m, current seed: [90m100006[0m

[92mSuccess![0m
[93madjust_bottle[0m | [94mopenwam2robotwin_interface[0m | [92mdemo_clean[0m | [91mstage6_wan22_ti2v_5b[0m
Success rate: [96m5/5[0m => [95m100.0%[0m, current seed: [90m100008[0m

[92mSuccess![0m
[93madjust_bottle[0m | [94mopenwam2robotwin_interface[0m | [92mdemo_clean[0m | [91mstage6_wan22_ti2v_5b[0m
Success rate: [96m6/6[0m => [95m100.0%[0m, current seed: [90m100010[0m

[92mSuccess![0m
[93madjust_bottle[0m | [94mopenwam2robotwin_interface[0m | [92mdemo_clean[0m | [91mstage6_wan22_ti2v_5b[0m
Success rate: [96m7/7[0m => [95m100.0%[0m, current seed: [90m100012[0m

[92mSuccess![0m
[93madjust_bottle[0m | [94mopenwam2robotwin_interface[0m | [92mdemo_clean[0m | [91mstage6_wan22_ti2v_5b[0m
Success rate: [96m8/8[0m => [95m100.0%[0m, current seed: [90m100013[0m

[92mSuccess![0m
[93madjust_bottle[0m | [94mopenwam2robotwin_interface[0m | [92mdemo_clean[0m | [91mstage6_wan22_ti2v_5b[0m
Success rate: [96m9/9[0m => [95m100.0%[0m, current seed: [90m100015[0m

[92mSuccess![0m
[93madjust_bottle[0m | [94mopenwam2robotwin_interface[0m | [92mdemo_clean[0m | [91mstage6_wan22_ti2v_5b[0m
Success rate: [96m10/10[0m => [95m100.0%[0m, current seed: [90m100016[0m

[92mSuccess![0m
[93madjust_bottle[0m | [94mopenwam2robotwin_interface[0m | [92mdemo_clean[0m | [91mstage6_wan22_ti2v_5b[0m
Success rate: [96m11/11[0m => [95m100.0%[0m, current seed: [90m100021[0m

[92mSuccess![0m
[93madjust_bottle[0m | [94mopenwam2robotwin_interface[0m | [92mdemo_clean[0m | [91mstage6_wan22_ti2v_5b[0m
Success rate: [96m12/12[0m => [95m100.0%[0m, current seed: [90m100022[0m

[92mSuccess![0m
[93madjust_bottle[0m | [94mopenwam2robotwin_interface[0m | [92mdemo_clean[0m | [91mstage6_wan22_ti2v_5b[0m
Success rate: [96m13/13[0m => [95m100.0%[0m, current seed: [90m100023[0m

[91mFail![0m
[93madjust_bottle[0m | [94mopenwam2robotwin_interface[0m | [92mdemo_clean[0m | [91mstage6_wan22_ti2v_5b[0m
Success rate: [96m13/14[0m => [95m92.9%[0m, current seed: [90m100024[0m

[92mSuccess![0m
[93madjust_bottle[0m | [94mopenwam2robotwin_interface[0m | [92mdemo_clean[0m | [91mstage6_wan22_ti2v_5b[0m
Success rate: [96m14/15[0m => [95m93.3%[0m, current seed: [90m100025[0m

[92mSuccess![0m
[93madjust_bottle[0m | [94mopenwam2robotwin_interface[0m | [92mdemo_clean[0m | [91mstage6_wan22_ti2v_5b[0m
Success rate: [96m15/16[0m => [95m93.8%[0m, current seed: [90m100026[0m

[92mSuccess![0m
[93madjust_bottle[0m | [94mopenwam2robotwin_interface[0m | [92mdemo_clean[0m | [91mstage6_wan22_ti2v_5b[0m
Success rate: [96m16/17[0m => [95m94.1%[0m, current seed: [90m100027[0m

[92mSuccess![0m
[93madjust_bottle[0m | [94mopenwam2robotwin_interface[0m | [92mdemo_clean[0m | [91mstage6_wan22_ti2v_5b[0m
Success rate: [96m17/18[0m => [95m94.4%[0m, current seed: [90m100028[0m

[92mSuccess![0m
[93madjust_bottle[0m | [94mopenwam2robotwin_interface[0m | [92mdemo_clean[0m | [91mstage6_wan22_ti2v_5b[0m
Success rate: [96m18/19[0m => [95m94.7%[0m, current seed: [90m100030[0m

[92mSuccess![0m
[93madjust_bottle[0m | [94mopenwam2robotwin_interface[0m | [92mdemo_clean[0m | [91mstage6_wan22_ti2v_5b[0m
Success rate: [96m19/20[0m => [95m95.0%[0m, current seed: [90m100031[0m

[92mSuccess![0m
[93madjust_bottle[0m | [94mopenwam2robotwin_interface[0m | [92mdemo_clean[0m | [91mstage6_wan22_ti2v_5b[0m
Success rate: [96m20/21[0m => [95m95.2%[0m, current seed: [90m100033[0m

[92mSuccess![0m
[93madjust_bottle[0m | [94mopenwam2robotwin_interface[0m | [92mdemo_clean[0m | [91mstage6_wan22_ti2v_5b[0m
Success rate: [96m21/22[0m => [95m95.5%[0m, current seed: [90m100034[0m

[92mSuccess![0m
[93madjust_bottle[0m | [94mopenwam2robotwin_interface[0m | [92mdemo_clean[0m | [91mstage6_wan22_ti2v_5b[0m
Success rate: [96m22/23[0m => [95m95.7%[0m, current seed: [90m100035[0m

[92mSuccess![0m
[93madjust_bottle[0m | [94mopenwam2robotwin_interface[0m | [92mdemo_clean[0m | [91mstage6_wan22_ti2v_5b[0m
Success rate: [96m23/24[0m => [95m95.8%[0m, current seed: [90m100036[0m

[92mSuccess![0m
[93madjust_bottle[0m | [94mopenwam2robotwin_interface[0m | [92mdemo_clean[0m | [91mstage6_wan22_ti2v_5b[0m
Success rate: [96m24/25[0m => [95m96.0%[0m, current seed: [90m100039[0m

[92mSuccess![0m
[93madjust_bottle[0m | [94mopenwam2robotwin_interface[0m | [92mdemo_clean[0m | [91mstage6_wan22_ti2v_5b[0m
Success rate: [96m25/26[0m => [95m96.2%[0m, current seed: [90m100040[0m

[92mSuccess![0m
[93madjust_bottle[0m | [94mopenwam2robotwin_interface[0m | [92mdemo_clean[0m | [91mstage6_wan22_ti2v_5b[0m
Success rate: [96m26/27[0m => [95m96.3%[0m, current seed: [90m100041[0m

[92mSuccess![0m
[93madjust_bottle[0m | [94mopenwam2robotwin_interface[0m | [92mdemo_clean[0m | [91mstage6_wan22_ti2v_5b[0m
Success rate: [96m27/28[0m => [95m96.4%[0m, current seed: [90m100042[0m

[92mSuccess![0m
[93madjust_bottle[0m | [94mopenwam2robotwin_interface[0m | [92mdemo_clean[0m | [91mstage6_wan22_ti2v_5b[0m
Success rate: [96m28/29[0m => [95m96.6%[0m, current seed: [90m100043[0m

[92mSuccess![0m
[93madjust_bottle[0m | [94mopenwam2robotwin_interface[0m | [92mdemo_clean[0m | [91mstage6_wan22_ti2v_5b[0m
Success rate: [96m29/30[0m => [95m96.7%[0m, current seed: [90m100044[0m

[92mSuccess![0m
[93madjust_bottle[0m | [94mopenwam2robotwin_interface[0m | [92mdemo_clean[0m | [91mstage6_wan22_ti2v_5b[0m
Success rate: [96m30/31[0m => [95m96.8%[0m, current seed: [90m100045[0m

[92mSuccess![0m
[93madjust_bottle[0m | [94mopenwam2robotwin_interface[0m | [92mdemo_clean[0m | [91mstage6_wan22_ti2v_5b[0m
Success rate: [96m31/32[0m => [95m96.9%[0m, current seed: [90m100046[0m

Data has been saved to eval_result/adjust_bottle/openwam2robotwin_interface/demo_clean/stage6_wan22_ti2v_5b/20260916_120843/_result_clean.txt
